
; 64tass Turbo Assembler Macro V1.55.2176 listing file
; 64tass --m65816 --long-address --flat --intel-hex -o c256-shim.hex --list c256-shim.lst c256-shim.asm
; Sat Sep 26 12:22:22 2020

;Offset	;Hex		;Monitor	;Source

;******  Processing input file: c256-shim.asm

.1000	18		clc		    clc
.1001	fb		xce		    xce
.1002	c2 40		rep #$40	    rep #$40        ; set X long
.1004	a2 ff fe	ldx #$feff	    ldx #$FEFF
.1007	9a		txs		    txs
.1008	5c 00 00 3a	jmp $3a0000	    jml $3a0000
.1018	08		php		    php
.1019	8b		phb		    phb             ; preserve DBR too!
.101a	e2 20		sep #$20	    sep #$20        ; set A short
.101c	48		pha		    pha             ; preserve
.101d	a9 00		lda #$00	    lda #$00        ; set DBR to $00
.101f	48		pha		    pha
.1020	ab		plb		    plb
.1021	68		pla		    pla             ; restore A
.1022	8d fe 0e	sta $0efe		sta $efe
.1025	ab		plb		    plb
.1026	28		plp		    plp
.1027	6b		rtl			rtl
.104c	08		php		    php
.104d	8b		phb		    phb             ; preserve DBR too!
.104e	e2 20		sep #$20	    sep #$20        ; set A short
.1050	a9 00		lda #$00	    lda #$00        ; set DBR to $00
.1052	48		pha		    pha
.1053	ab		plb		    plb
.1054	ad 00 0f	lda $0f00	-	lda $f00
.1057	f0 fb		beq $1054		beq -
.1059	ab		plb		    plb
.105a	28		plp		    plp
.105b	6b		rtl			rtl
.1100	e2 20		sep #$20	   sep #$20        ; set A short
.1102	a2 00 00	ldx #$0000	   ldx #$0000
.1105	bd 16 11	lda $1116,x	b0 lda banner, x
.1108	f0 07		beq $1111	   beq b1
.110a	22 18 10 00	jsl $001018	   jsl $1018
.110e	e8		inx		   inx
.110f	80 f4		bra $1105	   bra b0
.1111	22 4c 10 00	jsl $00104c	b1 jsl $104c
.1115	60		rts		   rts
>1116	70 72 65 73 73 20 61 6e		banner .text "press any key...", $0a, $00
>111e	79 20 6b 65 79 2e 2e 2e 0a 00

;******  End of listing
